
C:\Users\cmand\OneDrive\Desktop\cmd\updatingExecutor>setlocal EnableDelayedExpansion 

C:\Users\cmand\OneDrive\Desktop\cmd\updatingExecutor>title Updating Executor 

C:\Users\cmand\OneDrive\Desktop\cmd\updatingExecutor>set "WORKDIR=C:\Users\cmand\OneDrive\Desktop\cmd\updatingExecutor\" 

C:\Users\cmand\OneDrive\Desktop\cmd\updatingExecutor>set "RUN_DIR=C:\Users\cmand\OneDrive\Desktop\cmd\updatingExecutor\run_space" 

C:\Users\cmand\OneDrive\Desktop\cmd\updatingExecutor>REM Register cleanup on exit using cmd /c wrapper 

C:\Users\cmand\OneDrive\Desktop\cmd\updatingExecutor>REM This ensures temp files are cleaned regardless of termination 

C:\Users\cmand\OneDrive\Desktop\cmd\updatingExecutor>if /I "" == "/W" goto :WIPE_NEIGHBORS 

C:\Users\cmand\OneDrive\Desktop\cmd\updatingExecutor>if /I "" == "/WIPE" goto :WIPE_NEIGHBORS 

C:\Users\cmand\OneDrive\Desktop\cmd\updatingExecutor>set "DEBUG_DIR=C:\Users\cmand\OneDrive\Desktop\cmd\updatingExecutor\_debug" 

C:\Users\cmand\OneDrive\Desktop\cmd\updatingExecutor>set "DEBUG_BACKUPS=C:\Users\cmand\OneDrive\Desktop\cmd\updatingExecutor\_debug\backups" 

C:\Users\cmand\OneDrive\Desktop\cmd\updatingExecutor>set "TEST_ENV=C:\Users\cmand\OneDrive\Desktop\cmd\updatingExecutor\_debug\_testenv" 

C:\Users\cmand\OneDrive\Desktop\cmd\updatingExecutor>REM Create _debug directory structure if it doesn't exist 

C:\Users\cmand\OneDrive\Desktop\cmd\updatingExecutor>if not exist "C:\Users\cmand\OneDrive\Desktop\cmd\updatingExecutor\_debug" mkdir "C:\Users\cmand\OneDrive\Desktop\cmd\updatingExecutor\_debug" 

C:\Users\cmand\OneDrive\Desktop\cmd\updatingExecutor>if not exist "C:\Users\cmand\OneDrive\Desktop\cmd\updatingExecutor\_debug\backups" mkdir "C:\Users\cmand\OneDrive\Desktop\cmd\updatingExecutor\_debug\backups" 

C:\Users\cmand\OneDrive\Desktop\cmd\updatingExecutor>REM Move backups to _debug if original backups folder exists 

C:\Users\cmand\OneDrive\Desktop\cmd\updatingExecutor>if exist "C:\Users\cmand\OneDrive\Desktop\cmd\updatingExecutor\backups" (if not exist "C:\Users\cmand\OneDrive\Desktop\cmd\updatingExecutor\_debug\backups\run_v1.0.bat" (
echo [INFO] Moving backups to _debug directory...  
 REM Copy all files from backups to _debug\backups  
 xcopy "C:\Users\cmand\OneDrive\Desktop\cmd\updatingExecutor\backups\*" "C:\Users\cmand\OneDrive\Desktop\cmd\updatingExecutor\_debug\backups\" /E /Y  1>nul 2>&1  
 REM Delete original backups folder  
 rmdir /s /q "C:\Users\cmand\OneDrive\Desktop\cmd\updatingExecutor\backups"  1>nul 2>&1  
 echo [OK] Backups moved to _debug\backups and original deleted. 
) ) 

C:\Users\cmand\OneDrive\Desktop\cmd\updatingExecutor>set "SETTINGS_FILE=C:\Users\cmand\OneDrive\Desktop\cmd\updatingExecutor\settings.ini" 

C:\Users\cmand\OneDrive\Desktop\cmd\updatingExecutor>REM Set log directory to _debug/logs 

C:\Users\cmand\OneDrive\Desktop\cmd\updatingExecutor>set "LOG_DIR=C:\Users\cmand\OneDrive\Desktop\cmd\updatingExecutor\_debug\logs" 

C:\Users\cmand\OneDrive\Desktop\cmd\updatingExecutor>REM Create log directory if it doesn't exist 

C:\Users\cmand\OneDrive\Desktop\cmd\updatingExecutor>if not exist "C:\Users\cmand\OneDrive\Desktop\cmd\updatingExecutor\_debug\logs" mkdir "C:\Users\cmand\OneDrive\Desktop\cmd\updatingExecutor\_debug\logs" 

C:\Users\cmand\OneDrive\Desktop\cmd\updatingExecutor>REM Log file paths with program name prefix 

C:\Users\cmand\OneDrive\Desktop\cmd\updatingExecutor>set "LOG_IMPORTANT=C:\Users\cmand\OneDrive\Desktop\cmd\updatingExecutor\_debug\logs\updatingExecutor_important.log" 

C:\Users\cmand\OneDrive\Desktop\cmd\updatingExecutor>set "LOG_INPUT=C:\Users\cmand\OneDrive\Desktop\cmd\updatingExecutor\_debug\logs\updatingExecutor_input.log" 

C:\Users\cmand\OneDrive\Desktop\cmd\updatingExecutor>set "LOG_TERMINAL=C:\Users\cmand\OneDrive\Desktop\cmd\updatingExecutor\_debug\logs\updatingExecutor_terminal.log" 

C:\Users\cmand\OneDrive\Desktop\cmd\updatingExecutor>REM Initialize log timestamp 

C:\Users\cmand\OneDrive\Desktop\cmd\updatingExecutor>for /F "tokens=2-4 delims=/ " %a in ('date /t') do (set "logdate=%c-%a-%b" ) 

C:\Users\cmand\OneDrive\Desktop\cmd\updatingExecutor>(set "logdate=2025-12-05" ) 

C:\Users\cmand\OneDrive\Desktop\cmd\updatingExecutor>for /F "tokens=1-2 delims=/:" %a in ('time /t') do (set "logtime=%a:%b" ) 

C:\Users\cmand\OneDrive\Desktop\cmd\updatingExecutor>(set "logtime=03:22 PM" ) 

C:\Users\cmand\OneDrive\Desktop\cmd\updatingExecutor>REM Helper macro for logging to important.log 

C:\Users\cmand\OneDrive\Desktop\cmd\updatingExecutor>REM Usage: call :LOGIMPORTANT "message" 

C:\Users\cmand\OneDrive\Desktop\cmd\updatingExecutor>REM (defined later in script) 

C:\Users\cmand\OneDrive\Desktop\cmd\updatingExecutor>REM Default values 

C:\Users\cmand\OneDrive\Desktop\cmd\updatingExecutor>set "DEBUG=0" 

C:\Users\cmand\OneDrive\Desktop\cmd\updatingExecutor>set "TIMEOUT=0" 

C:\Users\cmand\OneDrive\Desktop\cmd\updatingExecutor>set "LOGLEVEL=2" 

C:\Users\cmand\OneDrive\Desktop\cmd\updatingExecutor>set "AUTOCLEAN=1" 

C:\Users\cmand\OneDrive\Desktop\cmd\updatingExecutor>set "HALTONERROR=0" 

C:\Users\cmand\OneDrive\Desktop\cmd\updatingExecutor>set "PERFMON=0" 

C:\Users\cmand\OneDrive\Desktop\cmd\updatingExecutor>set "RETRIES=3" 

C:\Users\cmand\OneDrive\Desktop\cmd\updatingExecutor>set "LANGUAGES=python,powershell,batch" 

C:\Users\cmand\OneDrive\Desktop\cmd\updatingExecutor>set "OUTPUT=" 

C:\Users\cmand\OneDrive\Desktop\cmd\updatingExecutor>set "BACKUP=1" 

C:\Users\cmand\OneDrive\Desktop\cmd\updatingExecutor>set "AUTOINPUT=1" 

C:\Users\cmand\OneDrive\Desktop\cmd\updatingExecutor>set "WAITTIME=5" 

C:\Users\cmand\OneDrive\Desktop\cmd\updatingExecutor>set "ENABLEWIPE=1" 

C:\Users\cmand\OneDrive\Desktop\cmd\updatingExecutor>set "ENABLEPREVIOUSCODE=1" 

C:\Users\cmand\OneDrive\Desktop\cmd\updatingExecutor>REM Ensure settings.ini exists with default values 

C:\Users\cmand\OneDrive\Desktop\cmd\updatingExecutor>if not exist "C:\Users\cmand\OneDrive\Desktop\cmd\updatingExecutor\settings.ini" (
echo [INFO] Creating default settings.ini...  
 (
echo # Updating Executor Settings  
 echo # Format: KEY=VALUE (no spaces around =)  
 echo. 
 echo # Enable or disable debug output (0=off, 1=on)  
 echo DEBUG=0  
 echo. 
 echo # Timeout in seconds (0 = disabled, automatic termination after this duration)  
 echo TIMEOUT=0  
 echo. 
 echo # Log level (1=minimal, 2=normal, 3=verbose)  
 echo LOGLEVEL=2  
 echo. 
 echo # Auto-cleanup temp files on exit (0=disabled, 1=enabled)  
 echo AUTOCLEAN=1  
 echo. 
 echo # Halt on first error (0=continue, 1=stop)  
 echo HALTONERROR=0  
 echo. 
 echo # Performance monitoring (0=disabled, 1=enabled)  
 echo PERFMON=0  
 echo. 
 echo # Retry count for failed operations  
 echo RETRIES=3  
 echo. 
 echo # Supported languages (comma-separated: python,powershell,batch,javascript,ruby,lua,shell)  
 echo LANGUAGES=python,powershell,batch  
 echo. 
 echo # Output directory for results (leave blank for run_space)  
 echo OUTPUT=  
 echo. 
 echo # Backup backups on wipe (0=disabled, 1=enabled)  
 echo BACKUP=1  
 echo. 
 echo # Enable automatic input waiting feature (0=disabled, 1=enabled) - when disabled, user has unlimited time to choose  
 echo AUTOINPUT=1  
 echo. 
 echo # Wait time in seconds for timeouts (used for boot menu and input prompts)  
 echo WAITTIME=5  
 echo. 
 echo # Enable wipe option at boot menu (0=disabled, 1=enabled)  
 echo ENABLEWIPE=1  
 echo. 
 echo # Enable previous code execution feature (0=disabled, 1=enabled)  
 echo ENABLEPREVIOUSCODE=1  
 echo. 
 echo # Version tracking  
 echo VERSION=1.4 
) 1>"C:\Users\cmand\OneDrive\Desktop\cmd\updatingExecutor\settings.ini"  
 echo [INFO] Settings file created. Please configure your preferences.  
 echo. 
 pause
) 

C:\Users\cmand\OneDrive\Desktop\cmd\updatingExecutor>REM Parse settings from ini file 

C:\Users\cmand\OneDrive\Desktop\cmd\updatingExecutor>for /F "tokens=1,2 delims==" %a in ('findstr /i "^DEBUG=" "C:\Users\cmand\OneDrive\Desktop\cmd\updatingExecutor\settings.ini" 2>nul') do set "DEBUG=%b" 

C:\Users\cmand\OneDrive\Desktop\cmd\updatingExecutor>set "DEBUG=0" 

C:\Users\cmand\OneDrive\Desktop\cmd\updatingExecutor>for /F "tokens=1,2 delims==" %a in ('findstr /i "^TIMEOUT=" "C:\Users\cmand\OneDrive\Desktop\cmd\updatingExecutor\settings.ini" 2>nul') do set "TIMEOUT=%b" 

C:\Users\cmand\OneDrive\Desktop\cmd\updatingExecutor>set "TIMEOUT=0" 

C:\Users\cmand\OneDrive\Desktop\cmd\updatingExecutor>for /F "tokens=1,2 delims==" %a in ('findstr /i "^LOGLEVEL=" "C:\Users\cmand\OneDrive\Desktop\cmd\updatingExecutor\settings.ini" 2>nul') do set "LOGLEVEL=%b" 

C:\Users\cmand\OneDrive\Desktop\cmd\updatingExecutor>set "LOGLEVEL=2" 

C:\Users\cmand\OneDrive\Desktop\cmd\updatingExecutor>for /F "tokens=1,2 delims==" %a in ('findstr /i "^AUTOCLEAN=" "C:\Users\cmand\OneDrive\Desktop\cmd\updatingExecutor\settings.ini" 2>nul') do set "AUTOCLEAN=%b" 

C:\Users\cmand\OneDrive\Desktop\cmd\updatingExecutor>set "AUTOCLEAN=1" 

C:\Users\cmand\OneDrive\Desktop\cmd\updatingExecutor>for /F "tokens=1,2 delims==" %a in ('findstr /i "^HALTONERROR=" "C:\Users\cmand\OneDrive\Desktop\cmd\updatingExecutor\settings.ini" 2>nul') do set "HALTONERROR=%b" 

C:\Users\cmand\OneDrive\Desktop\cmd\updatingExecutor>set "HALTONERROR=0" 

C:\Users\cmand\OneDrive\Desktop\cmd\updatingExecutor>for /F "tokens=1,2 delims==" %a in ('findstr /i "^PERFMON=" "C:\Users\cmand\OneDrive\Desktop\cmd\updatingExecutor\settings.ini" 2>nul') do set "PERFMON=%b" 

C:\Users\cmand\OneDrive\Desktop\cmd\updatingExecutor>set "PERFMON=0" 

C:\Users\cmand\OneDrive\Desktop\cmd\updatingExecutor>for /F "tokens=1,2 delims==" %a in ('findstr /i "^RETRIES=" "C:\Users\cmand\OneDrive\Desktop\cmd\updatingExecutor\settings.ini" 2>nul') do set "RETRIES=%b" 

C:\Users\cmand\OneDrive\Desktop\cmd\updatingExecutor>set "RETRIES=3" 

C:\Users\cmand\OneDrive\Desktop\cmd\updatingExecutor>for /F "tokens=1,2 delims==" %a in ('findstr /i "^LANGUAGES=" "C:\Users\cmand\OneDrive\Desktop\cmd\updatingExecutor\settings.ini" 2>nul') do set "LANGUAGES=%b" 

C:\Users\cmand\OneDrive\Desktop\cmd\updatingExecutor>set "LANGUAGES=python,powershell,batch" 

C:\Users\cmand\OneDrive\Desktop\cmd\updatingExecutor>for /F "tokens=1,2 delims==" %a in ('findstr /i "^OUTPUT=" "C:\Users\cmand\OneDrive\Desktop\cmd\updatingExecutor\settings.ini" 2>nul') do set "OUTPUT=%b" 

C:\Users\cmand\OneDrive\Desktop\cmd\updatingExecutor>set "OUTPUT=" 

C:\Users\cmand\OneDrive\Desktop\cmd\updatingExecutor>for /F "tokens=1,2 delims==" %a in ('findstr /i "^BACKUP=" "C:\Users\cmand\OneDrive\Desktop\cmd\updatingExecutor\settings.ini" 2>nul') do set "BACKUP=%b" 

C:\Users\cmand\OneDrive\Desktop\cmd\updatingExecutor>set "BACKUP=1" 

C:\Users\cmand\OneDrive\Desktop\cmd\updatingExecutor>for /F "tokens=1,2 delims==" %a in ('findstr /i "^AUTOINPUT=" "C:\Users\cmand\OneDrive\Desktop\cmd\updatingExecutor\settings.ini" 2>nul') do set "AUTOINPUT=%b" 

C:\Users\cmand\OneDrive\Desktop\cmd\updatingExecutor>set "AUTOINPUT=1" 

C:\Users\cmand\OneDrive\Desktop\cmd\updatingExecutor>for /F "tokens=1,2 delims==" %a in ('findstr /i "^WAITTIME=" "C:\Users\cmand\OneDrive\Desktop\cmd\updatingExecutor\settings.ini" 2>nul') do set "WAITTIME=%b" 

C:\Users\cmand\OneDrive\Desktop\cmd\updatingExecutor>set "WAITTIME=5" 

C:\Users\cmand\OneDrive\Desktop\cmd\updatingExecutor>for /F "tokens=1,2 delims==" %a in ('findstr /i "^ENABLEWIPE=" "C:\Users\cmand\OneDrive\Desktop\cmd\updatingExecutor\settings.ini" 2>nul') do set "ENABLEWIPE=%b" 

C:\Users\cmand\OneDrive\Desktop\cmd\updatingExecutor>set "ENABLEWIPE=1" 

C:\Users\cmand\OneDrive\Desktop\cmd\updatingExecutor>for /F "tokens=1,2 delims==" %a in ('findstr /i "^ENABLEPREVIOUSCODE=" "C:\Users\cmand\OneDrive\Desktop\cmd\updatingExecutor\settings.ini" 2>nul') do set "ENABLEPREVIOUSCODE=%b" 

C:\Users\cmand\OneDrive\Desktop\cmd\updatingExecutor>set "ENABLEPREVIOUSCODE=1" 

C:\Users\cmand\OneDrive\Desktop\cmd\updatingExecutor>REM Trim whitespace from settings 

C:\Users\cmand\OneDrive\Desktop\cmd\updatingExecutor>set "DEBUG=0" 

C:\Users\cmand\OneDrive\Desktop\cmd\updatingExecutor>set "TIMEOUT=0" 

C:\Users\cmand\OneDrive\Desktop\cmd\updatingExecutor>set "LOGLEVEL=2" 

C:\Users\cmand\OneDrive\Desktop\cmd\updatingExecutor>set "AUTOCLEAN=1" 

C:\Users\cmand\OneDrive\Desktop\cmd\updatingExecutor>set "HALTONERROR=0" 

C:\Users\cmand\OneDrive\Desktop\cmd\updatingExecutor>set "PERFMON=0" 

C:\Users\cmand\OneDrive\Desktop\cmd\updatingExecutor>set "RETRIES=3" 

C:\Users\cmand\OneDrive\Desktop\cmd\updatingExecutor>set "LANGUAGES=python,powershell,batch" 

C:\Users\cmand\OneDrive\Desktop\cmd\updatingExecutor>set "OUTPUT= =" 

C:\Users\cmand\OneDrive\Desktop\cmd\updatingExecutor>set "BACKUP=1" 

C:\Users\cmand\OneDrive\Desktop\cmd\updatingExecutor>set "AUTOINPUT=1" 

C:\Users\cmand\OneDrive\Desktop\cmd\updatingExecutor>set "WAITTIME=5" 

C:\Users\cmand\OneDrive\Desktop\cmd\updatingExecutor>set "ENABLEWIPE=1" 

C:\Users\cmand\OneDrive\Desktop\cmd\updatingExecutor>set "ENABLEPREVIOUSCODE=1" 

C:\Users\cmand\OneDrive\Desktop\cmd\updatingExecutor>REM Normalize AUTOINPUT and WAITTIME values 

C:\Users\cmand\OneDrive\Desktop\cmd\updatingExecutor>set "AUTOINPUT=1" 

C:\Users\cmand\OneDrive\Desktop\cmd\updatingExecutor>if /I not "1" == "0" if /I not "1" == "1" set "AUTOINPUT=1" 

C:\Users\cmand\OneDrive\Desktop\cmd\updatingExecutor>for /F "delims=" %W in ("5") do set "WAITTIME=%W" 

C:\Users\cmand\OneDrive\Desktop\cmd\updatingExecutor>set "WAITTIME=5" 

C:\Users\cmand\OneDrive\Desktop\cmd\updatingExecutor>set /a WAITTIME=WAITTIME  1>nul 2>&1 

C:\Users\cmand\OneDrive\Desktop\cmd\updatingExecutor>if 5 LSS 1 set "WAITTIME=5" 

C:\Users\cmand\OneDrive\Desktop\cmd\updatingExecutor>if 5 GTR 120 set "WAITTIME=5" 

C:\Users\cmand\OneDrive\Desktop\cmd\updatingExecutor>REM If DEBUG mode on, default WAITTIME to 3 seconds, otherwise 5 

C:\Users\cmand\OneDrive\Desktop\cmd\updatingExecutor>if "0" == "1" (if "5" == "5" set "WAITTIME=3" ) 

C:\Users\cmand\OneDrive\Desktop\cmd\updatingExecutor>if "0" == "1" (
echo ========================================  
 echo [DEBUG] Debug mode ENABLED  
 echo [DEBUG] Timeout: 0 seconds  
 echo [DEBUG] Log level: 2  
 echo [DEBUG] Auto-clean: 1  
 echo [DEBUG] Halt on error: 0  
 echo [DEBUG] Performance monitor: 0  
 echo ========================================  
 echo.
)  else (
echo [INFO] Normal mode - 0 second timeout active  
 if "0" == "0" (
REM Auto-close stray windows after short delay; escape inner quotes for WINDOWTITLE filter  
 start "" /min cmd /c "timeout /t 10 /nobreak >nul 2>&1 & taskkill /fi \"WINDOWTITLE eq Updating Executor\" /f >nul 2>&1" 
) 
) 
[INFO] Normal mode - 0 second timeout active

C:\Users\cmand\OneDrive\Desktop\cmd\updatingExecutor>if "0" == "1" echo [DEBUG] Checking command-line arguments:  

C:\Users\cmand\OneDrive\Desktop\cmd\updatingExecutor>REM If argument is provided AND file doesn't exist, use argument 

C:\Users\cmand\OneDrive\Desktop\cmd\updatingExecutor>REM Otherwise, use existing file (pre-written by PowerShell wrapper) 

C:\Users\cmand\OneDrive\Desktop\cmd\updatingExecutor>if not "" == "" (if not exist "C:\Users\cmand\OneDrive\Desktop\cmd\updatingExecutor\run_space\clip_input.txt" (
if "0" == "1" echo [DEBUG] Writing args to clip_input.txt  
 echo   1>"C:\Users\cmand\OneDrive\Desktop\cmd\updatingExecutor\run_space\clip_input.txt"  
 goto :SKIP_BOOT 
)  else (
REM File exists, assume it was pre-written by PS wrapper  
 if "0" == "1" echo [DEBUG] clip_input.txt exists, using pre-written file  
 REM Just proceed with the file  
 goto :SKIP_BOOT 
) ) 

C:\Users\cmand\OneDrive\Desktop\cmd\updatingExecutor>echo [BOOT] Script starting... 
[BOOT] Script starting...

C:\Users\cmand\OneDrive\Desktop\cmd\updatingExecutor>echo.


C:\Users\cmand\OneDrive\Desktop\cmd\updatingExecutor>cls

C:\Users\cmand\OneDrive\Desktop\cmd\updatingExecutor>echo ======================================== 
========================================

C:\Users\cmand\OneDrive\Desktop\cmd\updatingExecutor>echo          UPDATING EXECUTOR - BOOT MENU 
         UPDATING EXECUTOR - BOOT MENU

C:\Users\cmand\OneDrive\Desktop\cmd\updatingExecutor>echo ======================================== 
========================================

C:\Users\cmand\OneDrive\Desktop\cmd\updatingExecutor>echo.


C:\Users\cmand\OneDrive\Desktop\cmd\updatingExecutor>echo [C] Continue normally (default) 
[C] Continue normally (default)

C:\Users\cmand\OneDrive\Desktop\cmd\updatingExecutor>echo [S] Settings 
[S] Settings

C:\Users\cmand\OneDrive\Desktop\cmd\updatingExecutor>if "1" == "1" echo [W] Wipe entire run_space directory and exit 
[W] Wipe entire run_space directory and exit

C:\Users\cmand\OneDrive\Desktop\cmd\updatingExecutor>echo [Q] Quit without running 
[Q] Quit without running

C:\Users\cmand\OneDrive\Desktop\cmd\updatingExecutor>echo.


C:\Users\cmand\OneDrive\Desktop\cmd\updatingExecutor>REM Handle auto input based on AUTOINPUT setting 

C:\Users\cmand\OneDrive\Desktop\cmd\updatingExecutor>set "boot_choice=C" 

C:\Users\cmand\OneDrive\Desktop\cmd\updatingExecutor>set "boot_options=CSQ" 

C:\Users\cmand\OneDrive\Desktop\cmd\updatingExecutor>set "boot_default=C" 

C:\Users\cmand\OneDrive\Desktop\cmd\updatingExecutor>set "has_wipe=0" 

C:\Users\cmand\OneDrive\Desktop\cmd\updatingExecutor>if "1" == "1" set "boot_options=CSWQ" 

C:\Users\cmand\OneDrive\Desktop\cmd\updatingExecutor>if "1" == "1" set "has_wipe=1" 

C:\Users\cmand\OneDrive\Desktop\cmd\updatingExecutor>if "1" == "1" (
echo Press a key within 5 seconds (defaults to C):  
 choice /c CSWQ /n /d C /t 5  1>nul  
 set "boot_idx=!errorlevel!" 
)  else (
echo Press a key (unlimited time, defaults to C):  
 set /p "boot_choice=Enter choice (CSWQ): " 
) 
Press a key within 5 seconds (defaults to C):

C:\Users\cmand\OneDrive\Desktop\cmd\updatingExecutor>REM Map errorlevel to choice - handle wipe/no-wipe variants 

C:\Users\cmand\OneDrive\Desktop\cmd\updatingExecutor>if "1" == "1" (if "1" == "1" (
if "!boot_idx!" == "4" set "boot_choice=Q"  
 if "!boot_idx!" == "3" set "boot_choice=W"  
 if "!boot_idx!" == "2" set "boot_choice=S"  
 if "!boot_idx!" == "1" set "boot_choice=C" 
)  else (
if "!boot_idx!" == "3" set "boot_choice=Q"  
 if "!boot_idx!" == "2" set "boot_choice=S"  
 if "!boot_idx!" == "1" set "boot_choice=C" 
) ) 

C:\Users\cmand\OneDrive\Desktop\cmd\updatingExecutor>REM Normalize input to uppercase 

C:\Users\cmand\OneDrive\Desktop\cmd\updatingExecutor>if "C" == "" set "boot_choice=C" 

C:\Users\cmand\OneDrive\Desktop\cmd\updatingExecutor>set "boot_choice=C" 

C:\Users\cmand\OneDrive\Desktop\cmd\updatingExecutor>if /I "C" == "S" goto :SETTINGS_MENU 

C:\Users\cmand\OneDrive\Desktop\cmd\updatingExecutor>if /I "C" == "W" (if "1" == "1" goto :WIPE_NEIGHBORS ) 

C:\Users\cmand\OneDrive\Desktop\cmd\updatingExecutor>if /I "C" == "Q" (
echo [INFO] Exiting without running.  
 goto :END 
) 

C:\Users\cmand\OneDrive\Desktop\cmd\updatingExecutor>REM Default to continue (C) 

C:\Users\cmand\OneDrive\Desktop\cmd\updatingExecutor>goto :SKIP_BOOT 

C:\Users\cmand\OneDrive\Desktop\cmd\updatingExecutor>if "0" == "1" echo [DEBUG] Entered :SKIP_BOOT label 

C:\Users\cmand\OneDrive\Desktop\cmd\updatingExecutor>echo [INFO] Continuing normal operation... 
[INFO] Continuing normal operation...

C:\Users\cmand\OneDrive\Desktop\cmd\updatingExecutor>echo.


C:\Users\cmand\OneDrive\Desktop\cmd\updatingExecutor>set "README_FILE=C:\Users\cmand\OneDrive\Desktop\cmd\updatingExecutor\run_space\README.md" 

C:\Users\cmand\OneDrive\Desktop\cmd\updatingExecutor>if not exist "C:\Users\cmand\OneDrive\Desktop\cmd\updatingExecutor\run_space\README.md" (
echo [INFO] Generating README.md...  
 (
echo # Updating Executor - Code Executor Tool  
 echo. 
 echo ## Overview  
 echo This is a clipboard-based code executor that automatically detects programming language,  
 echo executes the code, and provides clear feedback on success or failure.  
 echo. 
 echo ## Supported Languages  
 echo - Python (.py)  
 echo - PowerShell (.ps1)  
 echo - Batch (.bat)  
 echo - JavaScript (.js)  
 echo - Ruby (.rb)  
 echo - Lua (.lua)  
 echo - Shell (.sh)  
 echo. 
 echo ## Features  
 echo - Automatic language detection based on code patterns  
 echo - Isolated execution environment in run_space/  
 echo - Comprehensive logging in run_space/log/  
 echo - Configurable behavior via settings.ini  
 echo - Debug mode for troubleshooting  
 echo - Automatic file cleanup on exit  
 echo. 
 echo ## Project Structure  
 echo ```  
 echo run.bat                    - Main executor (single-file, self-contained)  
 echo settings.ini               - Configuration file  
 echo backups/                   - Version history  
 echo run_space/                 - Isolated execution directory  
 echo ├── log/                   - Log files  
 echo │   ├── input.log          - User input history  
 echo │   ├── important.log      - Critical events  
 echo │   └── terminal.log       - Program output  
 echo ├── languages/             - Code files organized by language  
 echo ├── clip_input.txt         - Clipboard content  
 echo └── README.md              - This file  
 echo ```  
 echo. 
 echo ## Usage  
 echo. 
 echo ### Interactive Mode  
 echo 1. Copy code to clipboard  
 echo 2. Run: `.\run.bat`  
 echo 3. Press [C] to continue or [W] to wipe workspace  
 echo 4. Select action: [R] Run, [V] View, [E] Edit, or [Q] Quit  
 echo. 
 echo ### Command-Line Mode  
 echo - `.\run.bat /W`       - Clean workspace  
 echo - `.\run.bat /WIPE`    - Same as /W  
 echo - `.\run.bat code`     - Execute code directly  
 echo. 
 echo ### Automated Testing  
 echo When running tests, /W flag is recognized automatically to skip boot menu.  
 echo. 
 echo ## Configuration  
 echo Edit `settings.ini` to customize:  
 echo - DEBUG: Enable debug output (0/1)  
 echo - TIMEOUT: Execution timeout in seconds (0=disabled)  
 echo - LOGLEVEL: Verbosity (1=minimal, 2=normal, 3=verbose)  
 echo - AUTOCLEAN: Auto-cleanup temp files (0/1)  
 echo - HALTONERROR: Stop on first error (0/1)  
 echo - PERFMON: Performance monitoring (0/1)  
 echo - RETRIES: Retry count for failed operations  
 echo - LANGUAGES: Supported language list  
 echo. 
 echo ## Logging  
 echo - **input.log**: All user inputs (interactive mode)  
 echo - **important.log**: Critical events, errors, execution results  
 echo - **terminal.log**: Full program output (if enabled)  
 echo. 
 echo ## Exit Codes  
 echo - 0: Success  
 echo - 1: Failure  
 echo - 2: Missing dependency  
 echo. 
 echo ## Troubleshooting  
 echo. 
 echo ### Code not executing?  
 echo 1. Verify code is in clipboard: Ctrl+C to copy  
 echo 2. Check language detection: Enable DEBUG=1 in settings.ini  
 echo 3. Review logs in run_space/log/  
 echo. 
 echo ### Syntax errors in code?  
 echo 1. Run with [V] View to see exact code being executed  
 echo 2. Fix code and copy again to clipboard  
 echo 3. Re-run executor  
 echo. 
 echo ### Workspace cleanup?  
 echo 1. Press [W] at boot menu to wipe all files except run.bat  
 echo 2. Or run: `.\run.bat /W`  
 echo. 
 echo ## Version  
 echo 1.0=1.3  
 echo. 
 echo Generated automatically on first run. 
) 1>"C:\Users\cmand\OneDrive\Desktop\cmd\updatingExecutor\run_space\README.md" 
) 
[INFO] Generating README.md...
The system cannot find the path specified.

C:\Users\cmand\OneDrive\Desktop\cmd\updatingExecutor>del "C:\Users\cmand\OneDrive\Desktop\cmd\updatingExecutor\run_space\*.tmp"  1>nul 2>&1 

C:\Users\cmand\OneDrive\Desktop\cmd\updatingExecutor>set "CLIP_TXT=C:\Users\cmand\OneDrive\Desktop\cmd\updatingExecutor\run_space\clip_input.txt" 

C:\Users\cmand\OneDrive\Desktop\cmd\updatingExecutor>set "CLIP_HELPER=C:\Users\cmand\OneDrive\Desktop\cmd\updatingExecutor\run_space\read_clipboard.ps1" 

C:\Users\cmand\OneDrive\Desktop\cmd\updatingExecutor>set "BOM_STRIPPER=C:\Users\cmand\OneDrive\Desktop\cmd\updatingExecutor\run_space\strip_bom.bat" 

C:\Users\cmand\OneDrive\Desktop\cmd\updatingExecutor>set "CODE_EXECUTOR=C:\Users\cmand\OneDrive\Desktop\cmd\updatingExecutor\run_space\execute_code.bat" 

C:\Users\cmand\OneDrive\Desktop\cmd\updatingExecutor>if "0" == "1" (
echo [DEBUG] Variables set:  
 echo [DEBUG]   CLIP_TXT=C:\Users\cmand\OneDrive\Desktop\cmd\updatingExecutor\run_space\clip_input.txt  
 echo [DEBUG]   CODE_EXECUTOR=C:\Users\cmand\OneDrive\Desktop\cmd\updatingExecutor\run_space\execute_code.bat 
) 

C:\Users\cmand\OneDrive\Desktop\cmd\updatingExecutor>if not exist "C:\Users\cmand\OneDrive\Desktop\cmd\updatingExecutor\run_space\read_clipboard.ps1" (
if "0" == "1" echo [DEBUG] Generating read_clipboard.ps1...  
 (
echo param([string]$OutputFile)  
 echo try {  
 echo     $txt = Get-Clipboard -Raw  
 echo     $txt = $txt.TrimStart([char]0xFEFF)  
 echo     if ([string]::IsNullOrWhiteSpace($txt)) {  
 echo         "" | Set-Content -Path $OutputFile -Encoding ASCII  
 echo         exit 1  
 echo     }  
 echo     $txt | Set-Content -Path $OutputFile -Encoding ASCII  
 echo     exit 0  
 echo } catch {  
 echo     "" | Set-Content -Path $OutputFile -Encoding ASCII  
 echo     exit 2  
 echo } 
) 1>"C:\Users\cmand\OneDrive\Desktop\cmd\updatingExecutor\run_space\read_clipboard.ps1" 
) 
The system cannot find the path specified.

C:\Users\cmand\OneDrive\Desktop\cmd\updatingExecutor>if not exist "C:\Users\cmand\OneDrive\Desktop\cmd\updatingExecutor\run_space\strip_bom.bat" (
if "0" == "1" echo [DEBUG] Generating strip_bom.bat...  
 (
echo @echo off  
 echo setlocal  
 echo set "INPUT=%~1"  
 echo set "OUTPUT=%~2"  
 echo if not defined INPUT exit /b 1  
 echo if not defined OUTPUT exit /b 1  
 echo if not exist "%INPUT%" exit /b 1  
 echo more "%INPUT%" > "%OUTPUT%.tmp"  
 echo if errorlevel 1 exit /b 1  
 echo move /y "%OUTPUT%.tmp" "%OUTPUT%" >nul  
 echo exit /b 0 
) 1>"C:\Users\cmand\OneDrive\Desktop\cmd\updatingExecutor\run_space\strip_bom.bat" 
) 
The system cannot find the path specified.

C:\Users\cmand\OneDrive\Desktop\cmd\updatingExecutor>if not exist "C:\Users\cmand\OneDrive\Desktop\cmd\updatingExecutor\run_space\execute_code.bat" (
if "0" == "1" echo [DEBUG] Generating execute_code.bat...  
 (
echo @echo off  
 echo setlocal enabledelayedexpansion  
 echo set "FILE=%~1"  
 echo if not defined FILE (echo [ERROR] No file specified & exit /b 1)  
 echo if not exist "%FILE%" (echo [ERROR] File not found: %FILE% & exit /b 1)  
 echo set "EXT=%~x1"  
 echo. 
 echo REM Batch/CMD  
 echo if /i "%EXT%"==".bat" (echo [RUN] Batch script detected & call "%FILE%" & exit /b ^!ERRORLEVEL^!)  
 echo if /i "%EXT%"==".cmd" (echo [RUN] CMD script detected & call "%FILE%" & exit /b ^!ERRORLEVEL^!)  
 echo. 
 echo REM PowerShell  
 echo if /i "%EXT%"==".ps1" (echo [RUN] PowerShell script detected & powershell -NoProfile -ExecutionPolicy Bypass -File "%FILE%" & exit /b ^!ERRORLEVEL^!)  
 echo. 
 echo REM Python  
 echo if /i "%EXT%"==".py" (echo [RUN] Python script detected & python "%FILE%" & exit /b ^!ERRORLEVEL^!)  
 echo. 
 echo REM JavaScript  
 echo if /i "%EXT%"==".js" (echo [RUN] JavaScript detected & node "%FILE%" & exit /b ^!ERRORLEVEL^!)  
 echo. 
 echo REM Lua  
 echo if /i "%EXT%"==".lua" (echo [RUN] Lua script detected & lua "%FILE%" & exit /b ^!ERRORLEVEL^!)  
 echo. 
 echo REM Ruby  
 echo if /i "%EXT%"==".rb" (echo [RUN] Ruby script detected & ruby "%FILE%" & exit /b ^!ERRORLEVEL^!)  
 echo. 
 echo REM Shell  
 echo if /i "%EXT%"==".sh" (echo [RUN] Shell script detected & bash "%FILE%" & exit /b ^!ERRORLEVEL^!)  
 echo. 
 echo REM C - simplified without compilation  
 echo if /i "%EXT%"==".c" (echo [ERROR] C compilation not supported in generated executor & exit /b 1)  
 echo if /i "%EXT%"==".cpp" (echo [ERROR] C++ compilation not supported in generated executor & exit /b 1)  
 echo. 
 echo echo [ERROR] Unknown file type: %EXT%  
 echo echo Supported: .bat, .cmd, .ps1, .py, .js, .lua, .rb, .sh  
 echo exit /b 1 
) 1>"C:\Users\cmand\OneDrive\Desktop\cmd\updatingExecutor\run_space\execute_code.bat" 
) 
The system cannot find the path specified.

C:\Users\cmand\OneDrive\Desktop\cmd\updatingExecutor>if not exist "C:\Users\cmand\OneDrive\Desktop\cmd\updatingExecutor\run_space\clip_input.txt" (
del "C:\Users\cmand\OneDrive\Desktop\cmd\updatingExecutor\run_space\clip_input.txt"   1>nul 2>&1  
 echo [INFO] Reading clipboard text...  
 powershell -NoProfile -ExecutionPolicy Bypass -File "C:\Users\cmand\OneDrive\Desktop\cmd\updatingExecutor\run_space\read_clipboard.ps1" "C:\Users\cmand\OneDrive\Desktop\cmd\updatingExecutor\run_space\clip_input.txt"  
 set "CLIPCODE=!ERRORLEVEL!"  
 if "!CLIPCODE!" == "0" (echo [INFO] Clipboard successfully read. )  else if "!CLIPCODE!" == "1" (echo [WARN] Clipboard was empty. )  else (echo [WARN] Clipboard read exception (code !CLIPCODE! ) 
) 
[INFO] Reading clipboard text...
The argument 'C:\Users\cmand\OneDrive\Desktop\cmd\updatingExecutor\run_space\read_clipboard.ps1' to the -File parameter does not exist. Provide the path to an existing '.ps1' file as an argument to the -File parameter.
Windows PowerShell
Copyright (C) Microsoft Corporation. All rights reserved.

Install the latest PowerShell for new features and improvements! https://aka.ms/PSWindows

[WARN] Clipboard read exception (code -196608

C:\Users\cmand\OneDrive\Desktop\cmd\updatingExecutor>if not exist "C:\Users\cmand\OneDrive\Desktop\cmd\updatingExecutor\run_space\clip_input.txt" (type nul 1>"C:\Users\cmand\OneDrive\Desktop\cmd\updatingExecutor\run_space\clip_input.txt" ) 
The system cannot find the path specified.

C:\Users\cmand\OneDrive\Desktop\cmd\updatingExecutor>if exist "C:\Users\cmand\OneDrive\Desktop\cmd\updatingExecutor\run_space\strip_bom.bat" (call "C:\Users\cmand\OneDrive\Desktop\cmd\updatingExecutor\run_space\strip_bom.bat" "C:\Users\cmand\OneDrive\Desktop\cmd\updatingExecutor\run_space\clip_input.txt" "C:\Users\cmand\OneDrive\Desktop\cmd\updatingExecutor\run_space\clip_input.txt"  1>nul 2>&1 ) 

C:\Users\cmand\OneDrive\Desktop\cmd\updatingExecutor>echo.


C:\Users\cmand\OneDrive\Desktop\cmd\updatingExecutor>echo ================== CLIPBOARD CONTENT ==================== 
================== CLIPBOARD CONTENT ====================

C:\Users\cmand\OneDrive\Desktop\cmd\updatingExecutor>type "C:\Users\cmand\OneDrive\Desktop\cmd\updatingExecutor\run_space\clip_input.txt" 
The system cannot find the path specified.

C:\Users\cmand\OneDrive\Desktop\cmd\updatingExecutor>echo ======================== END ============================ 
======================== END ============================

C:\Users\cmand\OneDrive\Desktop\cmd\updatingExecutor>echo.


C:\Users\cmand\OneDrive\Desktop\cmd\updatingExecutor>if not "" == "" (
echo [INFO] Auto-running from command-line argument...  
 if "0" == "1" echo [DEBUG] Setting choice=R and jumping to :DETECT_AND_RUN  
 set "choice=R"  
 goto :DETECT_AND_RUN 
) 

C:\Users\cmand\OneDrive\Desktop\cmd\updatingExecutor>cls

C:\Users\cmand\OneDrive\Desktop\cmd\updatingExecutor>echo ======================================== 
========================================

C:\Users\cmand\OneDrive\Desktop\cmd\updatingExecutor>echo          MAIN MENU 
         MAIN MENU

C:\Users\cmand\OneDrive\Desktop\cmd\updatingExecutor>echo ======================================== 
========================================

C:\Users\cmand\OneDrive\Desktop\cmd\updatingExecutor>echo [R] Run clipboard as script (auto-detects language) 
[R] Run clipboard as script (auto-detects language)

C:\Users\cmand\OneDrive\Desktop\cmd\updatingExecutor>echo [V] View only (do not run) 
[V] View only (do not run)

C:\Users\cmand\OneDrive\Desktop\cmd\updatingExecutor>echo [E] Edit text before running 
[E] Edit text before running

C:\Users\cmand\OneDrive\Desktop\cmd\updatingExecutor>echo [D] Detect file type 
[D] Detect file type

C:\Users\cmand\OneDrive\Desktop\cmd\updatingExecutor>if "1" == "1" if exist "C:\Users\cmand\OneDrive\Desktop\cmd\updatingExecutor\run_space\previous_code.txt" echo [P] Run previously executed code 

C:\Users\cmand\OneDrive\Desktop\cmd\updatingExecutor>echo [S] Settings 
[S] Settings

C:\Users\cmand\OneDrive\Desktop\cmd\updatingExecutor>echo [Q] Quit 
[Q] Quit

C:\Users\cmand\OneDrive\Desktop\cmd\updatingExecutor>echo.


C:\Users\cmand\OneDrive\Desktop\cmd\updatingExecutor>REM For automated/non-interactive mode: use AUTO INPUT setting 
: was unexpected at this time.

C:\Users\cmand\OneDrive\Desktop\cmd\updatingExecutor>    echo Press a key within 5 seconds (defaults to R):
